// Jest Snapshot v1, https://goo.gl/fbAQLP

exports[`Airspeed should render correctly 1`] = `
<DocumentFragment>
  .c0 {
  width: 250px;
  height: 250px;
  position: relative;
  display: inline-block;
  overflow: hidden;
}

.c0 div,
.c0 svg {
  position: absolute;
  top: 0;
  left: 0;
  width: 100%;
  height: 100%;
}

<div
    class="c0"
  >
    <svg
      data-asset="SpeedMechanics"
    />
    <svg
      data-asset="FiNeedle"
      data-testid="indicator-needle"
      style="transform: rotate(290deg);"
    />
    <svg
      data-asset="FiCircle"
    />
  </div>
</DocumentFragment>
`;
