// Jest Snapshot v1, https://goo.gl/fbAQLP

exports[`readRCTuning should respond correctly for version 1.42.0 1`] = `
Object {
  "ports": Array [
    Object {
      "blackboxBaudRate": 115200,
      "functions": Array [
        0,
      ],
      "gpsBaudRate": 57600,
      "id": 0,
      "mspBaudRate": 115200,
      "telemetryBaudRate": -1,
    },
    Object {
      "blackboxBaudRate": 115200,
      "functions": Array [
        13,
      ],
      "gpsBaudRate": 57600,
      "id": 1,
      "mspBaudRate": 115200,
      "telemetryBaudRate": -1,
    },
    Object {
      "blackboxBaudRate": 115200,
      "functions": Array [
        7,
      ],
      "gpsBaudRate": 57600,
      "id": 2,
      "mspBaudRate": 115200,
      "telemetryBaudRate": -1,
    },
  ],
}
`;
