// Jest Snapshot v1, https://goo.gl/fbAQLP

exports[`TabRouter should show the selected tab 1`] = `
<DocumentFragment>
  <div
    id="someSelectedTab"
  >
    Showing!
  </div>
</DocumentFragment>
`;
